layer 17 independent expert/raw/zstd-3: 0.7828 exact True
layer 17 independent expert/byte_split/lz4-0: 0.8469 exact True
layer 17 independent expert/byte_split/zstd-1: 0.6852 exact True
layer 17 independent expert/byte_split/zstd-19: 0.6724 exact True
layer 17 independent expert/planes/zstd-1: 0.6801 exact True
layer 17 independent expert/planes/zstd-19: 0.6610 exact True
layer 17 independent expert/planes/lz4hc-9: 0.7476 exact True
layer 17 independent rows16/byte_split/zstd-9: 0.7365 exact True
layer 17 independent rows16/planes/zstd-1: 0.6862 exact True
layer 17 independent rows16/planes/zstd-19: 0.6642 exact True
layer 17 independent rows16/planes/lz4hc-9: 0.7873 exact True
layer 17 dictionary row/byte_split: 0.7033 exact True
layer 17 dictionary rows16/byte_split: 0.6925 exact True
layer 17 base A1/xor expert/planes/zstd-19: 0.6956 (+3 base objects, 0.0103) exact True
layer 17 base A2/xor expert/planes/zstd-19: 0.6955 (+3 base objects, 0.0103) exact True
layer 17 base A2/xor rows16/planes/zstd-19: 0.6977 (+3 base objects, 0.0103) exact True
layer 17 base A2/modular expert/planes/zstd-19: 0.7019 (+3 base objects, 0.0103) exact True
layer 17 base A3/xor expert/planes/zstd-19: 0.6945 (+6 base objects, 0.0207) exact True
layer 17 base C-best/xor expert/planes/zstd-19: 0.6922 (+3 base objects, 0.0103) exact True
layer 17 base synthetic-median/xor expert/planes/zstd-19: 0.7114 (+3 base objects, 0.0103) exact True
layer 17 throughput independent expert/planes/zstd-19 (GB/s): decompress_gb_s 3.37, cpu_restore_gb_s 0.32, gpu_restore_gb_s 1.16
layer 17 throughput A2-xor expert/planes/zstd-19 (GB/s): decompress_gb_s 3.60, cpu_restore_gb_s 0.30, gpu_restore_gb_s 1.11
layer 17 throughput independent rows16/planes/zstd-19 (GB/s): decompress_gb_s 3.49, cpu_restore_gb_s 0.08, gpu_restore_gb_s 1.01
layer 17 throughput A2-xor rows16/planes/zstd-19 (GB/s): decompress_gb_s 4.93, cpu_restore_gb_s 0.07, gpu_restore_gb_s 1.02
layer 17 throughput independent expert/byte_split/zstd-1 (GB/s): decompress_gb_s 2.53, cpu_restore_gb_s 4.88, gpu_restore_gb_s 2.57
layer 17 throughput A2-xor expert/byte_split/zstd-1 (GB/s): decompress_gb_s 3.01, cpu_restore_gb_s 2.60, gpu_restore_gb_s 2.43
layer 17 throughput independent expert/planes/lz4hc-9 (GB/s): decompress_gb_s 2.49, cpu_restore_gb_s 0.35, gpu_restore_gb_s 1.13
layer 17 throughput A2-xor expert/planes/lz4hc-9 (GB/s): decompress_gb_s 2.49, cpu_restore_gb_s 0.30, gpu_restore_gb_s 1.12
