l2: sample 0 index -1/81 fraction 0.383 5A -950.27 L2 set [-950.27, -803.05] witness box -1862.60 l2 -799.97 resident -576.72 (18.5s)
l2: sample 0 index 0/81 fraction 0.399 5A -729.10 L2 set [-729.10, -617.09] witness box -1421.59 l2 -607.46 resident -444.26 (22.5s)
l2: sample 0 index 1/81 fraction 0.414 5A -599.55 L2 set [-599.55, -512.17] witness box -1155.05 l2 -500.29 resident -365.30 (23.0s)
l2: sample 0 index 2/81 fraction 0.430 5A -489.33 L2 set [-489.33, -421.85] witness box -933.68 l2 -407.97 resident -300.19 (23.2s)
l2: sample 0 index 3/81 fraction 0.446 5A -396.95 L2 set [-396.95, -345.93] witness box -748.59 l2 -330.30 resident -244.49 (23.4s)
l2: sample 0 index 4/81 fraction 0.461 5A -318.01 L2 set [-318.01, -280.92] witness box -595.28 l2 -265.06 resident -199.01 (23.7s)
l2: sample 0 index 5/81 fraction 0.477 5A -257.58 L2 set [-257.58, -230.65] witness box -476.88 l2 -214.83 resident -162.09 (23.8s)
l2: sample 0 index 6/81 fraction 0.493 5A -211.18 L2 set [-211.18, -190.49] witness box -386.82 l2 -175.13 resident -131.63 (24.0s)
l2: sample 0 index 7/81 fraction 0.508 5A -172.62 L2 set [-172.62, -156.42] witness box -313.43 l2 -141.61 resident -106.06 (23.7s)
l2: sample 0 index 8/81 fraction 0.524 5A -142.79 L2 set [-142.79, -129.73] witness box -256.83 l2 -115.28 resident -85.86 (23.8s)
l2: sample 0 index 9/81 fraction 0.539 5A -119.71 L2 set [-119.71, -109.75] witness box -212.84 l2 -95.24 resident -70.26 (23.7s)
l2: sample 0 index 10/81 fraction 0.555 5A -101.44 L2 set [-101.44, -92.98] witness box -179.10 l2 -79.41 resident -58.11 (24.0s)
l2: sample 0 index 11/81 fraction 0.571 5A -86.03 L2 set [-86.03, -79.45] witness box -148.19 l2 -67.79 resident -50.50 (23.8s)
l2: sample 0 index 12/81 fraction 0.586 5A -74.29 L2 set [-74.30, -68.55] witness box -126.76 l2 -57.62 resident -42.41 (23.9s)
l2: sample 0 index 13/81 fraction 0.602 5A -63.38 L2 set [-63.38, -58.50] witness box -107.37 l2 -48.00 resident -34.95 (23.9s)
l2: sample 0 index 14/81 fraction 0.618 5A -54.87 L2 set [-54.89, -50.76] witness box -92.07 l2 -40.86 resident -29.32 (23.7s)
l2: sample 0 index 15/81 fraction 0.633 5A -48.35 L2 set [-48.38, -44.88] witness box -81.15 l2 -35.52 resident -25.22 (23.7s)
l2: sample 0 index 16/81 fraction 0.649 5A -42.52 L2 set [-42.61, -39.46] witness box -71.21 l2 -30.57 resident -21.41 (23.7s)
l2: sample 0 index 17/81 fraction 0.664 5A -38.40 L2 set [-38.55, -35.65] witness box -64.41 l2 -27.23 resident -18.86 (23.7s)
l2: sample 0 index 18/81 fraction 0.680 5A -34.15 L2 set [-34.28, -31.73] witness box -57.54 l2 -23.75 resident -16.10 (23.6s)
l2: sample 0 index 19/81 fraction 0.696 5A -30.59 L2 set [-30.71, -28.51] witness box -51.89 l2 -20.95 resident -14.04 (23.7s)
l2: sample 0 index 20/81 fraction 0.711 5A -27.46 L2 set [-27.62, -25.71] witness box -46.91 l2 -18.44 resident -12.11 (23.7s)
l2: sample 0 index 21/81 fraction 0.727 5A -25.21 L2 set [-25.42, -23.70] witness box -43.21 l2 -16.74 resident -10.74 (23.7s)
l2: sample 0 index 22/81 fraction 0.743 5A -23.22 L2 set [-23.42, -22.00] witness box -36.38 l2 -15.76 resident -11.15 (23.7s)
l2: sample 0 index 23/81 fraction 0.758 5A -20.80 L2 set [-21.02, -19.74] witness box -32.61 l2 -13.80 resident -9.64 (23.7s)
l2: sample 0 index 24/81 fraction 0.774 5A -18.92 L2 set [-19.16, -17.99] witness box -29.72 l2 -12.33 resident -8.51 (23.7s)
l2: sample 0 index 25/81 fraction 0.789 5A -17.32 L2 set [-17.57, -16.53] witness box -27.36 l2 -11.14 resident -7.74 (23.7s)
l2: sample 0 index 26/81 fraction 0.805 5A -15.80 L2 set [-16.06, -15.12] witness box -25.20 l2 -9.99 resident -7.22 (23.6s)
l2: sample 0 index 27/81 fraction 0.821 5A -14.56 L2 set [-14.79, -13.93] witness box -23.41 l2 -9.05 resident -6.72 (23.7s)
l2: sample 0 index 28/81 fraction 0.836 5A -13.23 L2 set [-13.46, -12.71] witness box -21.47 l2 -8.13 resident -6.21 (23.7s)
l2: sample 0 index 29/81 fraction 0.852 5A -12.12 L2 set [-12.34, -11.67] witness box -19.87 l2 -7.65 resident -5.88 (23.7s)
l2: sample 0 index 30/81 fraction 0.868 5A -10.95 L2 set [-11.16, -10.56] witness box -18.08 l2 -7.20 resident -5.53 (23.8s)
l2: sample 0 index 31/81 fraction 0.883 5A -10.09 L2 set [-10.29, -9.73] witness box -16.82 l2 -6.83 resident -5.25 (23.7s)
l2: sample 0 index 32/81 fraction 0.899 5A -9.27 L2 set [-9.45, -8.94] witness box -15.71 l2 -6.41 resident -4.96 (23.7s)
l2: sample 0 index 33/81 fraction 0.914 5A -8.44 L2 set [-8.60, -8.16] witness box -14.57 l2 -6.02 resident -4.66 (23.7s)
l2: sample 0 index 34/81 fraction 0.930 5A -7.62 L2 set [-7.74, -7.37] witness box -10.33 l2 -5.51 resident -4.29 (19.4s)
l2: sample 0 index 35/81 fraction 0.946 5A -7.02 L2 set [-7.13, -6.81] witness box -9.50 l2 -5.05 resident -3.96 (19.4s)
l2: sample 0 index 36/81 fraction 0.961 5A -6.71 L2 set [-6.81, -6.52] witness box -9.09 l2 -4.83 resident -3.79 (19.4s)
l2: sample 0 index 37/81 fraction 0.977 5A -6.32 L2 set [-6.41, -6.15] witness box -8.54 l2 -4.54 resident -3.56 (19.4s)
l2: sample 0 index 38/81 fraction 0.993 5A -5.94 L2 set [-6.03, -5.79] witness box -8.00 l2 -4.24 resident -3.34 (19.4s)
l2: sample 0 index 39/81 fraction 1.008 5A -5.58 L2 set [-5.65, -5.45] witness box -7.51 l2 -3.97 resident -3.13 (19.4s)
l2: sample 0 index 40/81 fraction 1.024 5A -5.31 L2 set [-5.38, -5.20] witness box -7.17 l2 -3.81 resident -3.00 (19.4s)
l2: sample 0 index 41/81 fraction 1.039 5A -5.07 L2 set [-5.14, -4.98] witness box -6.88 l2 -3.63 resident -2.88 (19.5s)
l2: sample 0 index 42/81 fraction 1.055 5A -4.83 L2 set [-4.89, -4.75] witness box -6.54 l2 -3.46 resident -2.75 (19.5s)
l2: sample 0 index 43/81 fraction 1.071 5A -4.61 L2 set [-4.67, -4.54] witness box -6.29 l2 -3.33 resident -2.65 (19.4s)
l2: sample 0 index 44/81 fraction 1.086 5A -4.39 L2 set [-4.45, -4.33] witness box -5.98 l2 -3.15 resident -2.52 (19.4s)
l2: sample 0 index 45/81 fraction 1.102 5A -4.18 L2 set [-4.24, -4.13] witness box -5.71 l2 -3.01 resident -2.41 (19.4s)
l2: sample 0 index 46/81 fraction 1.118 5A -3.99 L2 set [-4.05, -3.95] witness box -5.47 l2 -2.88 resident -2.31 (19.4s)
l2: sample 0 index 47/81 fraction 1.133 5A -3.83 L2 set [-3.89, -3.80] witness box -5.26 l2 -2.77 resident -2.22 (19.4s)
l2: sample 0 index 48/81 fraction 1.149 5A -3.65 L2 set [-3.71, -3.63] witness box -5.04 l2 -2.64 resident -2.13 (19.4s)
l2: sample 0 index 49/81 fraction 1.164 5A -3.48 L2 set [-3.54, -3.46] witness box -4.81 l2 -2.52 resident -2.03 (19.4s)
l2: sample 0 index 50/81 fraction 1.180 5A -3.31 L2 set [-3.36, -3.29] witness box -4.55 l2 -2.41 resident -1.93 (19.4s)
l2: sample 0 index 51/81 fraction 1.196 5A -3.06 L2 set [-3.11, -3.05] witness box -4.19 l2 -2.20 resident -1.78 (19.4s)
l2: sample 0 index 52/81 fraction 1.211 5A -2.92 L2 set [-2.97, -2.92] witness box -4.00 l2 -2.10 resident -1.70 (19.5s)
l2: sample 0 index 53/81 fraction 1.227 5A -2.70 L2 set [-2.75, -2.71] witness box -3.68 l2 -1.93 resident -1.56 (19.4s)
l2: sample 0 index 54/81 fraction 1.243 5A -2.56 L2 set [-2.60, -2.56] witness box -3.48 l2 -1.84 resident -1.48 (19.4s)
l2: sample 0 index 55/81 fraction 1.258 5A -2.46 L2 set [-2.51, -2.47] witness box -3.36 l2 -1.78 resident -1.43 (19.4s)
l2: sample 0 index 56/81 fraction 1.274 5A -2.29 L2 set [-2.33, -2.30] witness box -3.11 l2 -1.65 resident -1.33 (19.4s)
l2: sample 0 index 57/81 fraction 1.289 5A -2.18 L2 set [-2.22, -2.20] witness box -2.97 l2 -1.59 resident -1.27 (19.4s)
l2: sample 0 index 58/81 fraction 1.305 5A -2.07 L2 set [-2.11, -2.09] witness box -2.83 l2 -1.53 resident -1.21 (19.4s)
l2: sample 0 index 59/81 fraction 1.321 5A -1.91 L2 set [-1.95, -1.92] witness box -2.60 l2 -1.38 resident -1.10 (19.4s)
l2: sample 0 index 60/81 fraction 1.336 5A -1.80 L2 set [-1.84, -1.82] witness box -2.45 l2 -1.31 resident -1.04 (19.4s)
l2: sample 0 index 61/81 fraction 1.352 5A -1.72 L2 set [-1.76, -1.74] witness box -2.35 l2 -1.26 resident -1.00 (19.3s)
l2: sample 0 index 62/81 fraction 1.368 5A -1.62 L2 set [-1.66, -1.64] witness box -2.21 l2 -1.18 resident -0.93 (19.4s)
l2: sample 0 index 63/81 fraction 1.383 5A -1.52 L2 set [-1.56, -1.54] witness box -2.08 l2 -1.12 resident -0.87 (19.4s)
l2: sample 0 index 64/81 fraction 1.399 5A -1.41 L2 set [-1.44, -1.43] witness box -1.91 l2 -1.03 resident -0.80 (19.4s)
l2: sample 0 index 65/81 fraction 1.414 5A -1.32 L2 set [-1.36, -1.34] witness box -1.79 l2 -0.97 resident -0.75 (19.4s)
l2: sample 0 index 66/81 fraction 1.430 5A -1.23 L2 set [-1.27, -1.26] witness box -1.67 l2 -0.91 resident -0.70 (19.4s)
l2: sample 0 index 67/81 fraction 1.446 5A -1.15 L2 set [-1.18, -1.17] witness box -1.56 l2 -0.85 resident -0.65 (19.4s)
l2: sample 0 index 68/81 fraction 1.461 5A -1.04 L2 set [-1.08, -1.07] witness box -1.41 l2 -0.78 resident -0.59 (19.4s)
l2: sample 0 index 69/81 fraction 1.477 5A -0.97 L2 set [-1.00, -0.99] witness box -1.32 l2 -0.74 resident -0.56 (19.4s)
l2: sample 0 index 70/81 fraction 1.493 5A -0.91 L2 set [-0.94, -0.93] witness box -1.24 l2 -0.70 resident -0.52 (19.4s)
l2: sample 0 index 71/81 fraction 1.508 5A -0.75 L2 set [-0.78, -0.77] witness box -1.05 l2 -0.57 resident -0.41 (19.4s)
l2: sample 0 index 72/81 fraction 1.524 5A -0.63 L2 set [-0.66, -0.66] witness box -0.91 l2 -0.48 resident -0.34 (19.4s)
l2: sample 0 index 73/81 fraction 1.539 5A -0.55 L2 set [-0.58, -0.58] witness box -0.72 l2 -0.42 resident -0.29 (19.4s)
l2: sample 0 index 74/81 fraction 1.555 5A -0.48 L2 set [-0.50, -0.50] witness box -0.61 l2 -0.37 resident -0.24 (19.4s)
l2: sample 0 index 75/81 fraction 1.571 5A -0.40 L2 set [-0.43, -0.43] witness box -0.50 l2 -0.32 resident -0.20 (19.5s)
l2: sample 0 index 76/81 fraction 1.586 5A -0.34 L2 set [-0.37, -0.37] witness box -0.43 l2 -0.29 resident -0.17 (19.6s)
l2: sample 0 index 77/81 fraction 1.602 5A -0.27 L2 set [-0.30, -0.30] witness box -0.34 l2 -0.24 resident -0.13 (19.4s)
l2: sample 0 index 78/81 fraction 1.617 5A -0.20 L2 set [-0.23, -0.23] witness box -0.24 l2 -0.19 resident -0.09 (18.8s)
l2: sample 0 index 79/81 fraction 1.633 5A -0.04 L2 set [-0.05, -0.05] witness box -0.04 l2 -0.05 resident 0.01 (7.2s)
l2: sample 0 index 80/81 fraction 1.634 5A 0.11 L2 set [0.11, 0.11] witness box 0.11 l2 0.11 resident 0.11 (4.9s)
l2: sample 0 done in 1708s
l2: sample 1 index -1/81 fraction 0.383 5A -738.56 L2 set [-738.56, -628.96] witness box -1478.58 l2 -626.46 resident -451.83 (14.5s)
l2: sample 1 index 0/81 fraction 0.399 5A -569.44 L2 set [-569.44, -483.47] witness box -1123.21 l2 -475.65 resident -342.06 (17.5s)
l2: sample 1 index 1/81 fraction 0.414 5A -461.67 L2 set [-461.67, -394.73] witness box -898.06 l2 -385.42 resident -278.09 (18.7s)
l2: sample 1 index 2/81 fraction 0.430 5A -370.98 L2 set [-370.98, -320.00] witness box -715.22 l2 -308.80 resident -226.26 (19.0s)
l2: sample 1 index 3/81 fraction 0.446 5A -300.12 L2 set [-300.12, -263.08] witness box -574.08 l2 -250.17 resident -184.97 (19.2s)
l2: sample 1 index 4/81 fraction 0.461 5A -245.94 L2 set [-245.94, -218.65] witness box -467.33 l2 -206.41 resident -153.28 (19.3s)
l2: sample 1 index 5/81 fraction 0.477 5A -199.96 L2 set [-199.96, -179.48] witness box -378.94 l2 -166.86 resident -124.18 (19.3s)
l2: sample 1 index 6/81 fraction 0.493 5A -165.09 L2 set [-165.09, -149.24] witness box -310.70 l2 -137.14 resident -101.83 (19.4s)
l2: sample 1 index 7/81 fraction 0.508 5A -136.29 L2 set [-136.29, -123.20] witness box -245.46 l2 -112.24 resident -85.01 (19.3s)
l2: sample 1 index 8/81 fraction 0.524 5A -112.25 L2 set [-112.25, -102.13] witness box -199.85 l2 -91.68 resident -69.45 (19.4s)
l2: sample 1 index 9/81 fraction 0.539 5A -93.29 L2 set [-93.29, -85.24] witness box -163.61 l2 -75.15 resident -56.29 (19.4s)
l2: sample 1 index 10/81 fraction 0.555 5A -76.45 L2 set [-76.45, -70.22] witness box -132.85 l2 -60.54 resident -44.91 (19.3s)
l2: sample 1 index 11/81 fraction 0.571 5A -63.62 L2 set [-63.62, -58.56] witness box -109.43 l2 -49.25 resident -35.93 (19.5s)
l2: sample 1 index 12/81 fraction 0.586 5A -54.02 L2 set [-54.02, -49.74] witness box -91.94 l2 -40.88 resident -29.37 (19.6s)
l2: sample 1 index 13/81 fraction 0.602 5A -46.60 L2 set [-46.67, -42.99] witness box -78.70 l2 -34.58 resident -24.40 (19.6s)
l2: sample 1 index 14/81 fraction 0.618 5A -40.50 L2 set [-40.72, -37.40] witness box -68.28 l2 -29.48 resident -20.37 (23.9s)
l2: sample 1 index 15/81 fraction 0.633 5A -35.47 L2 set [-35.85, -32.90] witness box -59.99 l2 -25.36 resident -17.11 (23.6s)
l2: sample 1 index 16/81 fraction 0.649 5A -31.99 L2 set [-32.48, -29.88] witness box -54.38 l2 -22.69 resident -15.01 (26.3s)
l2: sample 1 index 17/81 fraction 0.664 5A -28.05 L2 set [-28.57, -26.27] witness box -48.08 l2 -19.43 resident -12.52 (27.5s)
l2: sample 1 index 18/81 fraction 0.680 5A -24.80 L2 set [-25.19, -23.14] witness box -42.93 l2 -16.70 resident -10.44 (26.6s)
l2: sample 1 index 19/81 fraction 0.696 5A -22.35 L2 set [-22.77, -20.88] witness box -39.01 l2 -14.69 resident -9.01 (24.2s)
l2: sample 1 index 20/81 fraction 0.711 5A -19.85 L2 set [-20.29, -18.63] witness box -35.17 l2 -12.76 resident -7.56 (19.4s)
l2: sample 1 index 21/81 fraction 0.727 5A -17.54 L2 set [-17.98, -16.55] witness box -31.51 l2 -10.99 resident -6.16 (19.4s)
l2: sample 1 index 22/81 fraction 0.743 5A -15.52 L2 set [-15.98, -14.68] witness box -28.45 l2 -9.40 resident -4.96 (22.3s)
l2: sample 1 index 23/81 fraction 0.758 5A -13.66 L2 set [-14.10, -12.97] witness box -25.63 l2 -7.96 resident -3.92 (19.4s)
l2: sample 1 index 24/81 fraction 0.774 5A -12.01 L2 set [-12.43, -11.41] witness box -23.04 l2 -6.65 resident -2.88 (20.5s)
l2: sample 1 index 25/81 fraction 0.789 5A -10.22 L2 set [-10.62, -9.72] witness box -20.38 l2 -5.19 resident -1.77 (24.1s)
l2: sample 1 index 26/81 fraction 0.805 5A -8.97 L2 set [-9.31, -8.53] witness box -18.56 l2 -4.22 resident -1.04 (28.5s)
l2: sample 1 index 27/81 fraction 0.821 5A -7.57 L2 set [-7.87, -7.17] witness box -16.47 l2 -3.05 resident -0.15 (28.3s)
l2: sample 1 index 28/81 fraction 0.836 5A -6.13 L2 set [-6.42, -5.79] witness box -14.26 l2 -1.88 resident 0.77 (27.9s)
l2: sample 1 index 29/81 fraction 0.852 5A -5.04 L2 set [-5.29, -4.75] witness box -12.62 l2 -0.99 resident 1.48 (27.7s)
l2: sample 1 index 30/81 fraction 0.868 5A -4.11 L2 set [-4.34, -3.87] witness box -11.27 l2 -0.27 resident 2.02 (23.5s)
l2: sample 1 index 31/81 fraction 0.883 5A -3.03 L2 set [-3.25, -2.83] witness box -9.70 l2 0.64 resident 2.72 (25.4s)
l2: sample 1 index 32/81 fraction 0.899 5A -2.28 L2 set [-2.49, -2.11] witness box -8.59 l2 1.22 resident 3.18 (28.3s)
l2: sample 1 index 33/81 fraction 0.914 5A -1.47 L2 set [-1.67, -1.33] witness box -7.36 l2 1.87 resident 3.69 (27.9s)
l2: sample 1 index 34/81 fraction 0.930 5A -0.86 L2 set [-1.04, -0.76] witness box -6.54 l2 2.30 resident 4.03 (21.7s)
l2: sample 1 index 35/81 fraction 0.946 5A -0.12 L2 set [-0.30, -0.06] witness box -5.43 l2 2.88 resident 4.50 (19.4s)
l2: sample 1 index 36/81 fraction 0.961 5A 0.59 L2 set [0.42, 0.63] witness box -4.39 l2 3.42 resident 4.93 (19.4s)
l2: sample 1 index 37/81 fraction 0.977 5A 1.26 L2 set [1.10, 1.29] witness box -3.42 l2 3.98 resident 5.37 (19.4s)
l2: sample 1 index 38/81 fraction 0.992 5A 1.84 L2 set [1.69, 1.86] witness box -2.55 l2 4.43 resident 5.75 (19.4s)
l2: sample 1 index 39/81 fraction 1.008 5A 2.38 L2 set [2.24, 2.39] witness box -1.77 l2 4.84 resident 6.08 (19.4s)
l2: sample 1 index 40/81 fraction 1.024 5A 2.88 L2 set [2.78, 2.91] witness box -1.06 l2 5.27 resident 6.41 (19.5s)
l2: sample 1 index 41/81 fraction 1.039 5A 3.38 L2 set [3.28, 3.40] witness box -0.30 l2 5.68 resident 6.74 (19.7s)
l2: sample 1 index 42/81 fraction 1.055 5A 3.72 L2 set [3.62, 3.73] witness box 0.18 l2 5.93 resident 6.86 (19.5s)
l2: sample 1 index 43/81 fraction 1.071 5A 4.15 L2 set [4.05, 4.15] witness box 0.80 l2 6.27 resident 6.96 (19.4s)
l2: sample 1 index 44/81 fraction 1.086 5A 4.64 L2 set [4.55, 4.64] witness box 1.62 l2 6.61 resident 7.06 (19.4s)
l2: sample 1 index 45/81 fraction 1.102 5A 5.08 L2 set [4.98, 5.07] witness box 2.28 l2 6.73 resident 7.16 (19.4s)
l2: sample 1 index 46/81 fraction 1.118 5A 5.40 L2 set [5.31, 5.39] witness box 2.74 l2 6.84 resident 7.24 (19.4s)
l2: sample 1 index 47/81 fraction 1.133 5A 5.70 L2 set [5.61, 5.68] witness box 3.16 l2 6.94 resident 7.32 (19.4s)
l2: sample 1 index 48/81 fraction 1.149 5A 5.96 L2 set [5.88, 5.94] witness box 3.51 l2 7.04 resident 7.40 (19.4s)
l2: sample 1 index 49/81 fraction 1.164 5A 6.23 L2 set [6.14, 6.20] witness box 3.88 l2 7.13 resident 7.47 (19.4s)
l2: sample 1 index 50/81 fraction 1.180 5A 6.47 L2 set [6.39, 6.44] witness box 4.18 l2 7.20 resident 7.53 (19.4s)
l2: sample 1 index 51/81 fraction 1.196 5A 6.68 L2 set [6.62, 6.67] witness box 5.93 l2 7.31 resident 7.63 (15.0s)
l2: sample 1 index 52/81 fraction 1.211 5A 6.78 L2 set [6.72, 6.77] witness box 6.06 l2 7.38 resident 7.68 (15.0s)
l2: sample 1 index 53/81 fraction 1.227 5A 6.90 L2 set [6.85, 6.89] witness box 6.22 l2 7.48 resident 7.76 (15.1s)
l2: sample 1 index 54/81 fraction 1.243 5A 7.00 L2 set [6.95, 6.98] witness box 6.34 l2 7.54 resident 7.82 (15.0s)
l2: sample 1 index 55/81 fraction 1.258 5A 7.09 L2 set [7.04, 7.07] witness box 6.46 l2 7.59 resident 7.86 (15.0s)
l2: sample 1 index 56/81 fraction 1.274 5A 7.20 L2 set [7.16, 7.18] witness box 6.62 l2 7.67 resident 7.93 (15.0s)
l2: sample 1 index 57/81 fraction 1.289 5A 7.28 L2 set [7.24, 7.26] witness box 6.71 l2 7.72 resident 7.96 (15.0s)
l2: sample 1 index 58/81 fraction 1.305 5A 7.38 L2 set [7.34, 7.36] witness box 6.84 l2 7.79 resident 8.03 (15.1s)
l2: sample 1 index 59/81 fraction 1.321 5A 7.45 L2 set [7.41, 7.43] witness box 6.92 l2 7.83 resident 8.06 (15.0s)
l2: sample 1 index 60/81 fraction 1.336 5A 7.53 L2 set [7.49, 7.51] witness box 7.03 l2 7.89 resident 8.10 (15.0s)
l2: sample 1 index 61/81 fraction 1.352 5A 7.62 L2 set [7.58, 7.59] witness box 7.15 l2 7.95 resident 8.15 (15.1s)
l2: sample 1 index 62/81 fraction 1.368 5A 7.68 L2 set [7.65, 7.66] witness box 7.23 l2 7.99 resident 8.18 (15.1s)
l2: sample 1 index 63/81 fraction 1.383 5A 7.75 L2 set [7.72, 7.73] witness box 7.32 l2 8.04 resident 8.22 (15.1s)
l2: sample 1 index 64/81 fraction 1.399 5A 7.81 L2 set [7.77, 7.78] witness box 7.39 l2 8.07 resident 8.25 (15.0s)
l2: sample 1 index 65/81 fraction 1.414 5A 7.92 L2 set [7.89, 7.90] witness box 7.57 l2 8.17 resident 8.32 (15.1s)
l2: sample 1 index 66/81 fraction 1.430 5A 7.99 L2 set [7.96, 7.97] witness box 7.66 l2 8.22 resident 8.37 (15.0s)
l2: sample 1 index 67/81 fraction 1.446 5A 8.04 L2 set [8.01, 8.02] witness box 7.72 l2 8.26 resident 8.39 (15.1s)
l2: sample 1 index 68/81 fraction 1.461 5A 8.12 L2 set [8.09, 8.09] witness box 7.82 l2 8.31 resident 8.43 (15.1s)
l2: sample 1 index 69/81 fraction 1.477 5A 8.19 L2 set [8.17, 8.17] witness box 7.94 l2 8.36 resident 8.48 (15.1s)
l2: sample 1 index 70/81 fraction 1.493 5A 8.26 L2 set [8.24, 8.24] witness box 8.04 l2 8.41 resident 8.52 (15.1s)
l2: sample 1 index 71/81 fraction 1.508 5A 8.37 L2 set [8.35, 8.35] witness box 8.19 l2 8.50 resident 8.60 (15.1s)
l2: sample 1 index 72/81 fraction 1.524 5A 8.44 L2 set [8.42, 8.42] witness box 8.30 l2 8.56 resident 8.66 (15.0s)
l2: sample 1 index 73/81 fraction 1.539 5A 8.49 L2 set [8.47, 8.48] witness box 8.37 l2 8.59 resident 8.68 (15.0s)
l2: sample 1 index 74/81 fraction 1.555 5A 8.57 L2 set [8.55, 8.55] witness box 8.47 l2 8.65 resident 8.73 (15.0s)
l2: sample 1 index 75/81 fraction 1.571 5A 8.64 L2 set [8.62, 8.62] witness box 8.57 l2 8.70 resident 8.77 (15.1s)
l2: sample 1 index 76/81 fraction 1.586 5A 8.70 L2 set [8.69, 8.69] witness box 8.66 l2 8.74 resident 8.81 (15.0s)
l2: sample 1 index 77/81 fraction 1.602 5A 8.75 L2 set [8.74, 8.74] witness box 8.72 l2 8.77 resident 8.83 (15.0s)
l2: sample 1 index 78/81 fraction 1.618 5A 8.80 L2 set [8.78, 8.78] witness box 8.77 l2 8.80 resident 8.85 (14.9s)
l2: sample 1 index 79/81 fraction 1.633 5A 8.85 L2 set [8.83, 8.83] witness box 8.85 l2 8.83 resident 8.89 (10.3s)
l2: sample 1 index 80/81 fraction 1.634 5A 8.94 L2 set [8.94, 8.94] witness box 8.94 l2 8.94 resident 8.94 (4.1s)
l2: sample 1 done in 1546s
l2: sample 2 index -1/81 fraction 0.383 5A -2010.56 L2 set [-2010.56, -1702.67] witness box -3951.57 l2 -1694.61 resident -1240.08 (14.6s)
l2: sample 2 index 0/81 fraction 0.399 5A -1447.94 L2 set [-1447.94, -1220.87] witness box -2694.72 l2 -1201.25 resident -877.88 (17.5s)
l2: sample 2 index 1/81 fraction 0.414 5A -1169.49 L2 set [-1169.49, -1000.37] witness box -2148.63 l2 -973.28 resident -727.87 (18.3s)
l2: sample 2 index 2/81 fraction 0.430 5A -923.52 L2 set [-923.52, -807.24] witness box -1682.02 l2 -774.81 resident -592.80 (18.8s)
l2: sample 2 index 3/81 fraction 0.446 5A -732.57 L2 set [-732.57, -650.29] witness box -1326.49 l2 -615.83 resident -474.41 (18.8s)
l2: sample 2 index 4/81 fraction 0.461 5A -590.93 L2 set [-590.93, -532.57] witness box -1063.64 l2 -498.83 resident -385.77 (18.8s)
l2: sample 2 index 5/81 fraction 0.477 5A -487.08 L2 set [-487.08, -442.09] witness box -871.81 l2 -408.80 resident -315.93 (18.8s)
l2: sample 2 index 6/81 fraction 0.493 5A -405.45 L2 set [-405.45, -369.15] witness box -718.93 l2 -337.22 resident -258.95 (19.2s)
l2: sample 2 index 7/81 fraction 0.508 5A -333.91 L2 set [-333.91, -306.21] witness box -587.00 l2 -276.17 resident -210.72 (19.4s)
l2: sample 2 index 8/81 fraction 0.524 5A -276.24 L2 set [-276.24, -254.01] witness box -480.37 l2 -225.46 resident -170.69 (19.4s)
l2: sample 2 index 9/81 fraction 0.539 5A -227.04 L2 set [-227.04, -209.15] witness box -391.61 l2 -182.33 resident -137.05 (19.4s)
l2: sample 2 index 10/81 fraction 0.555 5A -187.71 L2 set [-187.71, -172.20] witness box -322.93 l2 -146.56 resident -107.80 (19.3s)
l2: sample 2 index 11/81 fraction 0.571 5A -160.76 L2 set [-160.76, -147.44] witness box -272.53 l2 -122.87 resident -89.09 (19.3s)
l2: sample 2 index 12/81 fraction 0.586 5A -141.35 L2 set [-141.36, -129.76] witness box -236.61 l2 -106.34 resident -75.66 (19.3s)
l2: sample 2 index 13/81 fraction 0.602 5A -125.33 L2 set [-125.42, -115.15] witness box -209.45 l2 -92.89 resident -65.51 (19.3s)
l2: sample 2 index 14/81 fraction 0.618 5A -112.10 L2 set [-112.39, -103.60] witness box -186.01 l2 -83.19 resident -59.56 (19.4s)
l2: sample 2 index 15/81 fraction 0.633 5A -101.93 L2 set [-102.26, -94.57] witness box -167.83 l2 -75.90 resident -54.03 (19.3s)
l2: sample 2 index 16/81 fraction 0.649 5A -91.07 L2 set [-91.46, -84.52] witness box -149.97 l2 -66.75 resident -46.95 (19.4s)
l2: sample 2 index 17/81 fraction 0.664 5A -82.39 L2 set [-82.92, -76.74] witness box -136.05 l2 -59.81 resident -41.65 (19.3s)
l2: sample 2 index 18/81 fraction 0.680 5A -73.73 L2 set [-74.22, -68.82] witness box -122.47 l2 -52.64 resident -36.21 (19.4s)
l2: sample 2 index 19/81 fraction 0.696 5A -66.38 L2 set [-66.99, -62.11] witness box -111.27 l2 -46.61 resident -31.62 (19.4s)
l2: sample 2 index 20/81 fraction 0.711 5A -59.09 L2 set [-59.73, -55.53] witness box -100.23 l2 -40.63 resident -26.98 (19.3s)
l2: sample 2 index 21/81 fraction 0.727 5A -53.31 L2 set [-53.95, -50.41] witness box -91.52 l2 -36.08 resident -23.60 (19.4s)
l2: sample 2 index 22/81 fraction 0.743 5A -46.91 L2 set [-47.57, -44.38] witness box -81.34 l2 -30.64 resident -19.39 (19.4s)
l2: sample 2 index 23/81 fraction 0.758 5A -41.43 L2 set [-42.10, -39.36] witness box -72.80 l2 -26.24 resident -16.16 (19.4s)
l2: sample 2 index 24/81 fraction 0.774 5A -37.25 L2 set [-37.90, -35.47] witness box -66.45 l2 -22.89 resident -13.59 (19.3s)
l2: sample 2 index 25/81 fraction 0.789 5A -32.61 L2 set [-33.18, -31.16] witness box -59.54 l2 -19.11 resident -10.64 (19.4s)
l2: sample 2 index 26/81 fraction 0.805 5A -28.37 L2 set [-28.96, -27.20] witness box -52.80 l2 -15.64 resident -8.01 (19.3s)
l2: sample 2 index 27/81 fraction 0.821 5A -24.63 L2 set [-25.24, -23.72] witness box -46.96 l2 -12.67 resident -5.65 (19.4s)
l2: sample 2 index 28/81 fraction 0.836 5A -20.83 L2 set [-21.42, -20.09] witness box -41.24 l2 -9.60 resident -3.31 (19.4s)
l2: sample 2 index 29/81 fraction 0.852 5A -17.22 L2 set [-17.76, -16.61] witness box -35.93 l2 -6.81 resident -1.17 (19.3s)
l2: sample 2 index 30/81 fraction 0.868 5A -14.61 L2 set [-15.11, -14.09] witness box -32.30 l2 -4.83 resident 0.37 (19.4s)
l2: sample 2 index 31/81 fraction 0.883 5A -12.40 L2 set [-12.89, -11.97] witness box -28.99 l2 -3.13 resident 1.69 (19.6s)
l2: sample 2 index 32/81 fraction 0.899 5A -10.24 L2 set [-10.71, -9.89] witness box -25.97 l2 -1.48 resident 2.99 (19.5s)
l2: sample 2 index 33/81 fraction 0.914 5A -8.51 L2 set [-8.94, -8.21] witness box -23.54 l2 -0.23 resident 3.96 (19.4s)
l2: sample 2 index 34/81 fraction 0.930 5A -6.67 L2 set [-7.09, -6.42] witness box -20.85 l2 1.23 resident 5.13 (19.4s)
l2: sample 2 index 35/81 fraction 0.946 5A -4.44 L2 set [-4.83, -4.24] witness box -17.40 l2 3.04 resident 6.48 (19.3s)
l2: sample 2 index 36/81 fraction 0.961 5A -2.92 L2 set [-3.28, -2.76] witness box -15.31 l2 4.19 resident 7.14 (19.5s)
l2: sample 2 index 37/81 fraction 0.977 5A -1.59 L2 set [-1.94, -1.46] witness box -13.43 l2 5.14 resident 7.87 (19.6s)
l2: sample 2 index 38/81 fraction 0.993 5A -0.32 L2 set [-0.60, -0.20] witness box -10.27 l2 5.51 resident 8.21 (19.5s)
l2: sample 2 index 39/81 fraction 1.008 5A 0.83 L2 set [0.56, 0.94] witness box -8.57 l2 6.38 resident 8.97 (19.6s)
l2: sample 2 index 40/81 fraction 1.024 5A 1.82 L2 set [1.56, 1.92] witness box -7.10 l2 7.14 resident 9.59 (19.5s)
l2: sample 2 index 41/81 fraction 1.039 5A 3.00 L2 set [2.76, 3.09] witness box -5.43 l2 8.12 resident 10.23 (19.4s)
l2: sample 2 index 42/81 fraction 1.055 5A 4.12 L2 set [3.88, 4.19] witness box -3.73 l2 8.99 resident 11.00 (19.4s)
l2: sample 2 index 43/81 fraction 1.071 5A 5.05 L2 set [4.85, 5.12] witness box -2.48 l2 9.67 resident 11.48 (19.4s)
l2: sample 2 index 44/81 fraction 1.086 5A 5.82 L2 set [5.62, 5.87] witness box -1.40 l2 10.14 resident 11.84 (19.4s)
l2: sample 2 index 45/81 fraction 1.102 5A 6.77 L2 set [6.61, 6.78] witness box 0.31 l2 10.63 resident 12.25 (15.1s)
l2: sample 2 index 46/81 fraction 1.118 5A 7.63 L2 set [7.48, 7.63] witness box 1.54 l2 11.29 resident 12.79 (15.1s)
l2: sample 2 index 47/81 fraction 1.133 5A 8.41 L2 set [8.27, 8.39] witness box 2.66 l2 11.88 resident 13.23 (15.1s)
l2: sample 2 index 48/81 fraction 1.149 5A 9.11 L2 set [8.98, 9.08] witness box 3.73 l2 12.39 resident 13.66 (15.1s)
l2: sample 2 index 49/81 fraction 1.164 5A 9.64 L2 set [9.52, 9.61] witness box 4.50 l2 12.76 resident 13.96 (15.1s)
l2: sample 2 index 50/81 fraction 1.180 5A 10.19 L2 set [10.08, 10.16] witness box 5.27 l2 13.12 resident 14.26 (15.1s)
l2: sample 2 index 51/81 fraction 1.196 5A 10.75 L2 set [10.64, 10.72] witness box 6.05 l2 13.52 resident 14.60 (15.1s)
l2: sample 2 index 52/81 fraction 1.211 5A 11.19 L2 set [11.08, 11.16] witness box 6.66 l2 13.78 resident 14.82 (15.1s)
l2: sample 2 index 53/81 fraction 1.227 5A 11.67 L2 set [11.57, 11.63] witness box 7.34 l2 14.12 resident 15.12 (15.1s)
l2: sample 2 index 54/81 fraction 1.243 5A 12.17 L2 set [12.08, 12.14] witness box 8.05 l2 14.52 resident 15.45 (15.1s)
l2: sample 2 index 55/81 fraction 1.258 5A 12.62 L2 set [12.52, 12.58] witness box 8.69 l2 14.80 resident 15.69 (15.1s)
l2: sample 2 index 56/81 fraction 1.274 5A 13.31 L2 set [13.22, 13.27] witness box 9.79 l2 15.37 resident 16.16 (15.1s)
l2: sample 2 index 57/81 fraction 1.289 5A 13.86 L2 set [13.77, 13.82] witness box 10.59 l2 15.76 resident 16.51 (15.1s)
l2: sample 2 index 58/81 fraction 1.305 5A 14.19 L2 set [14.11, 14.15] witness box 11.02 l2 15.96 resident 16.68 (15.1s)
l2: sample 2 index 59/81 fraction 1.321 5A 14.75 L2 set [14.68, 14.71] witness box 11.90 l2 16.40 resident 17.06 (15.1s)
l2: sample 2 index 60/81 fraction 1.336 5A 15.11 L2 set [15.04, 15.07] witness box 12.41 l2 16.65 resident 17.28 (15.1s)
l2: sample 2 index 61/81 fraction 1.352 5A 15.52 L2 set [15.45, 15.48] witness box 13.03 l2 16.95 resident 17.52 (15.1s)
l2: sample 2 index 62/81 fraction 1.368 5A 15.79 L2 set [15.73, 15.75] witness box 13.40 l2 17.09 resident 17.66 (15.1s)
l2: sample 2 index 63/81 fraction 1.383 5A 16.14 L2 set [16.08, 16.09] witness box 13.90 l2 17.33 resident 17.88 (15.1s)
l2: sample 2 index 64/81 fraction 1.399 5A 16.45 L2 set [16.39, 16.40] witness box 14.31 l2 17.52 resident 18.05 (15.1s)
l2: sample 2 index 65/81 fraction 1.414 5A 16.81 L2 set [16.75, 16.76] witness box 14.82 l2 17.77 resident 18.26 (15.1s)
l2: sample 2 index 66/81 fraction 1.430 5A 17.16 L2 set [17.11, 17.12] witness box 15.32 l2 17.98 resident 18.45 (15.0s)
l2: sample 2 index 67/81 fraction 1.446 5A 17.69 L2 set [17.64, 17.65] witness box 16.15 l2 18.44 resident 18.83 (15.1s)
l2: sample 2 index 68/81 fraction 1.461 5A 17.98 L2 set [17.94, 17.94] witness box 16.59 l2 18.64 resident 19.01 (15.1s)
l2: sample 2 index 69/81 fraction 1.477 5A 18.33 L2 set [18.30, 18.30] witness box 17.11 l2 18.92 resident 19.23 (15.1s)
l2: sample 2 index 70/81 fraction 1.493 5A 18.75 L2 set [18.72, 18.72] witness box 17.74 l2 19.28 resident 19.53 (15.1s)
l2: sample 2 index 71/81 fraction 1.508 5A 19.00 L2 set [18.97, 18.97] witness box 18.08 l2 19.47 resident 19.68 (15.1s)
l2: sample 2 index 72/81 fraction 1.524 5A 19.29 L2 set [19.27, 19.27] witness box 18.51 l2 19.69 resident 19.85 (15.1s)
l2: sample 2 index 73/81 fraction 1.539 5A 19.46 L2 set [19.44, 19.44] witness box 18.73 l2 19.80 resident 19.95 (15.1s)
l2: sample 2 index 74/81 fraction 1.555 5A 19.75 L2 set [19.73, 19.73] witness box 19.16 l2 20.01 resident 20.14 (15.1s)
l2: sample 2 index 75/81 fraction 1.571 5A 20.06 L2 set [20.05, 20.05] witness box 19.65 l2 20.25 resident 20.34 (15.1s)
l2: sample 2 index 76/81 fraction 1.586 5A 20.23 L2 set [20.22, 20.22] witness box 19.88 l2 20.38 resident 20.45 (15.1s)
l2: sample 2 index 77/81 fraction 1.602 5A 20.39 L2 set [20.39, 20.39] witness box 20.09 l2 20.49 resident 20.56 (14.9s)
l2: sample 2 index 78/81 fraction 1.618 5A 20.74 L2 set [20.74, 20.74] witness box 20.66 l2 20.80 resident 20.80 (14.0s)
l2: sample 2 index 79/81 fraction 1.633 5A 20.89 L2 set [20.89, 20.89] witness box 20.88 l2 20.89 resident 20.89 (8.9s)
l2: sample 2 index 80/81 fraction 1.634 5A 20.91 L2 set [20.91, 20.91] witness box 20.91 l2 20.91 resident 20.91 (4.1s)
l2: sample 2 done in 1407s
exit 0
