layer 26 independent expert/raw/zstd-3: 0.7831 exact True
layer 26 independent expert/byte_split/lz4-0: 0.8455 exact True
layer 26 independent expert/byte_split/zstd-1: 0.6845 exact True
layer 26 independent expert/byte_split/zstd-19: 0.6725 exact True
layer 26 independent expert/planes/zstd-1: 0.6798 exact True
layer 26 independent expert/planes/zstd-19: 0.6616 exact True
layer 26 independent expert/planes/lz4hc-9: 0.7482 exact True
layer 26 independent rows16/byte_split/zstd-9: 0.7347 exact True
layer 26 independent rows16/planes/zstd-1: 0.6861 exact True
layer 26 independent rows16/planes/zstd-19: 0.6648 exact True
layer 26 independent rows16/planes/lz4hc-9: 0.7880 exact True
layer 26 dictionary row/byte_split: 0.7027 exact True
layer 26 dictionary rows16/byte_split: 0.6918 exact True
layer 26 base A1/xor expert/planes/zstd-19: 0.6940 (+3 base objects, 0.0103) exact True
layer 26 base A2/xor expert/planes/zstd-19: 0.6932 (+3 base objects, 0.0103) exact True
layer 26 base A2/xor rows16/planes/zstd-19: 0.6954 (+3 base objects, 0.0103) exact True
layer 26 base A2/modular expert/planes/zstd-19: 0.7021 (+3 base objects, 0.0103) exact True
layer 26 base A3/xor expert/planes/zstd-19: 0.6923 (+3 base objects, 0.0103) exact True
layer 26 base C-best/xor expert/planes/zstd-19: 0.6897 (+3 base objects, 0.0103) exact True
layer 26 base synthetic-median/xor expert/planes/zstd-19: 0.7090 (+3 base objects, 0.0103) exact True
layer 26 throughput independent expert/planes/zstd-19 (GB/s): decompress_gb_s 3.24, cpu_restore_gb_s 0.31, gpu_restore_gb_s 1.15
layer 26 throughput A2-xor expert/planes/zstd-19 (GB/s): decompress_gb_s 3.36, cpu_restore_gb_s 0.31, gpu_restore_gb_s 1.10
layer 26 throughput independent rows16/planes/zstd-19 (GB/s): decompress_gb_s 4.78, cpu_restore_gb_s 0.08, gpu_restore_gb_s 1.04
layer 26 throughput A2-xor rows16/planes/zstd-19 (GB/s): decompress_gb_s 4.79, cpu_restore_gb_s 0.07, gpu_restore_gb_s 1.05
layer 26 throughput independent expert/byte_split/zstd-1 (GB/s): decompress_gb_s 2.53, cpu_restore_gb_s 4.83, gpu_restore_gb_s 2.54
layer 26 throughput A2-xor expert/byte_split/zstd-1 (GB/s): decompress_gb_s 3.04, cpu_restore_gb_s 2.82, gpu_restore_gb_s 2.50
layer 26 throughput independent expert/planes/lz4hc-9 (GB/s): decompress_gb_s 2.54, cpu_restore_gb_s 0.32, gpu_restore_gb_s 1.16
layer 26 throughput A2-xor expert/planes/lz4hc-9 (GB/s): decompress_gb_s 2.53, cpu_restore_gb_s 0.32, gpu_restore_gb_s 1.13
