row     raw        zstd-1   ratio 0.8009 exact True 0.2s
row     raw        zstd-3   ratio 0.8010 exact True 0.2s
row     raw        zstd-9   ratio 0.8011 exact True 0.3s
row     raw        zstd-19  ratio 0.8041 exact True 2.0s
row     raw        lz4-0   ratio 1.0043 exact True 0.8s
row     raw        lz4hc-9   ratio 1.0039 exact True 1.1s
row     byte_split zstd-1   ratio 0.8004 exact True 0.2s
row     byte_split zstd-3   ratio 0.7865 exact True 0.2s
row     byte_split zstd-9   ratio 0.7822 exact True 0.6s
row     byte_split zstd-19  ratio 0.8012 exact True 2.9s
row     byte_split lz4-0   ratio 0.9459 exact True 1.1s
row     byte_split lz4hc-9   ratio 0.8948 exact True 1.1s
row     planes     zstd-1   ratio 0.7203 exact True 0.4s
row     planes     zstd-3   ratio 0.7347 exact True 0.4s
row     planes     zstd-9   ratio 0.7307 exact True 0.8s
row     planes     zstd-19  ratio 0.6954 exact True 3.1s
row     planes     lz4-0   ratio 0.9187 exact True 7.6s
row     planes     lz4hc-9   ratio 0.8744 exact True 10.7s
rows16  raw        zstd-1   ratio 0.7836 exact True 0.1s
rows16  raw        zstd-3   ratio 0.7836 exact True 0.1s
rows16  raw        zstd-9   ratio 0.7838 exact True 0.2s
rows16  raw        zstd-19  ratio 0.7851 exact True 3.0s
rows16  raw        lz4-0   ratio 1.0039 exact True 0.1s
rows16  raw        lz4hc-9   ratio 0.9986 exact True 0.4s
rows16  byte_split zstd-1   ratio 0.7710 exact True 0.1s
rows16  byte_split zstd-3   ratio 0.7496 exact True 0.2s
rows16  byte_split zstd-9   ratio 0.7345 exact True 0.6s
rows16  byte_split zstd-19  ratio 0.7833 exact True 4.3s
rows16  byte_split lz4-0   ratio 0.8628 exact True 0.2s
rows16  byte_split lz4hc-9   ratio 0.8058 exact True 0.8s
rows16  planes     zstd-1   ratio 0.6860 exact True 0.1s
rows16  planes     zstd-3   ratio 0.6988 exact True 0.2s
rows16  planes     zstd-9   ratio 0.6970 exact True 0.8s
rows16  planes     zstd-19  ratio 0.6648 exact True 4.6s
rows16  planes     lz4-0   ratio 0.8416 exact True 0.5s
rows16  planes     lz4hc-9   ratio 0.7879 exact True 1.1s
rows64  raw        zstd-1   ratio 0.7831 exact True 0.1s
rows64  raw        zstd-3   ratio 0.7833 exact True 0.1s
rows64  raw        zstd-9   ratio 0.7823 exact True 0.5s
rows64  raw        zstd-19  ratio 0.7820 exact True 4.6s
rows64  raw        lz4-0   ratio 1.0039 exact True 0.1s
rows64  raw        lz4hc-9   ratio 0.9941 exact True 0.6s
rows64  byte_split zstd-1   ratio 0.7112 exact True 0.1s
rows64  byte_split zstd-3   ratio 0.7197 exact True 0.2s
rows64  byte_split zstd-9   ratio 0.7089 exact True 0.7s
rows64  byte_split zstd-19  ratio 0.6971 exact True 5.4s
rows64  byte_split lz4-0   ratio 0.8497 exact True 0.1s
rows64  byte_split lz4hc-9   ratio 0.7758 exact True 1.7s
rows64  planes     zstd-1   ratio 0.6872 exact True 0.1s
rows64  planes     zstd-3   ratio 0.7007 exact True 0.2s
rows64  planes     zstd-9   ratio 0.6949 exact True 0.8s
rows64  planes     zstd-19  ratio 0.6622 exact True 5.7s
rows64  planes     lz4-0   ratio 0.8295 exact True 0.2s
rows64  planes     lz4hc-9   ratio 0.7601 exact True 2.3s
tensor  raw        zstd-1   ratio 0.7830 exact True 0.1s
tensor  raw        zstd-3   ratio 0.7831 exact True 0.1s
tensor  raw        zstd-9   ratio 0.7771 exact True 1.1s
tensor  raw        zstd-19  ratio 0.7754 exact True 7.1s
tensor  raw        lz4-0   ratio 1.0039 exact True 0.1s
tensor  raw        lz4hc-9   ratio 0.9925 exact True 0.7s
tensor  byte_split zstd-1   ratio 0.6844 exact True 0.1s
tensor  byte_split zstd-3   ratio 0.7130 exact True 0.2s
tensor  byte_split zstd-9   ratio 0.6999 exact True 0.7s
tensor  byte_split zstd-19  ratio 0.6725 exact True 10.3s
tensor  byte_split lz4-0   ratio 0.8453 exact True 0.1s
tensor  byte_split lz4hc-9   ratio 0.7631 exact True 2.3s
tensor  planes     zstd-1   ratio 0.6796 exact True 0.1s
tensor  planes     zstd-3   ratio 0.7023 exact True 0.2s
tensor  planes     zstd-9   ratio 0.6902 exact True 0.6s
tensor  planes     zstd-19  ratio 0.6615 exact True 10.0s
tensor  planes     lz4-0   ratio 0.8253 exact True 0.1s
tensor  planes     lz4hc-9   ratio 0.7484 exact True 3.2s
expert  raw        zstd-1   ratio 0.7830 exact True 0.1s
expert  raw        zstd-3   ratio 0.7831 exact True 0.1s
expert  raw        zstd-9   ratio 0.7745 exact True 1.3s
expert  raw        zstd-19  ratio 0.7748 exact True 12.7s
expert  raw        lz4-0   ratio 1.0039 exact True 0.0s
expert  raw        lz4hc-9   ratio 0.9925 exact True 0.9s
expert  byte_split zstd-1   ratio 0.6844 exact True 0.1s
expert  byte_split zstd-3   ratio 0.7135 exact True 0.3s
expert  byte_split zstd-9   ratio 0.7004 exact True 0.9s
expert  byte_split zstd-19  ratio 0.6725 exact True 18.0s
expert  byte_split lz4-0   ratio 0.8452 exact True 0.1s
expert  byte_split lz4hc-9   ratio 0.7627 exact True 3.2s
expert  planes     zstd-1   ratio 0.6797 exact True 0.1s
expert  planes     zstd-3   ratio 0.7031 exact True 0.2s
expert  planes     zstd-9   ratio 0.6907 exact True 0.9s
expert  planes     zstd-19  ratio 0.6615 exact True 16.4s
expert  planes     lz4-0   ratio 0.8252 exact True 0.1s
expert  planes     lz4hc-9   ratio 0.7481 exact True 4.1s
dict 16384 row raw zstd-3: 0.7894 vs 0.8009
dict 16384 row raw zstd-19: 0.7901 vs 0.8042
dict 65536 row raw zstd-3: 0.7896 vs 0.8009
dict 65536 row raw zstd-19: 0.7902 vs 0.8042
dict 16384 row byte_split zstd-3: 0.7608 vs 0.7865
dict 16384 row byte_split zstd-19: 0.7292 vs 0.8012
dict 65536 row byte_split zstd-3: 0.7539 vs 0.7865
dict 65536 row byte_split zstd-19: 0.7056 vs 0.8012
dict 16384 rows16 raw zstd-3: 0.7836 vs 0.7836
dict 16384 rows16 raw zstd-19: 0.7845 vs 0.7852
dict 65536 rows16 raw zstd-3: 0.7833 vs 0.7836
dict 65536 rows16 raw zstd-19: 0.7831 vs 0.7852
dict 16384 rows16 byte_split zstd-3: 0.7413 vs 0.7496
dict 16384 rows16 byte_split zstd-19: 0.6996 vs 0.7833
dict 65536 rows16 byte_split zstd-3: 0.7388 vs 0.7496
dict 65536 rows16 byte_split zstd-19: 0.6957 vs 0.7833
delta xor byte_split zstd-3: 0.7319 vs independent 0.7130
delta xor byte_split zstd-19: 0.6969 vs independent 0.6725
delta xor planes zstd-3: 0.7312 vs independent 0.7023
delta xor planes zstd-19: 0.6944 vs independent 0.6615
delta modular byte_split zstd-3: 0.7425 vs independent 0.7130
delta modular byte_split zstd-19: 0.7076 vs independent 0.6725
delta modular planes zstd-3: 0.7403 vs independent 0.7023
delta modular planes zstd-19: 0.7028 vs independent 0.6615
wrote experiments\phase5c\probe-codec-run1\probe_codec.json
